#! /opt/homebrew/Cellar/icarus-verilog/12.0/bin/vvp
:ivl_version "12.0 (stable)";
:ivl_delay_selection "TYPICAL";
:vpi_time_precision - 12;
:vpi_module "/opt/homebrew/Cellar/icarus-verilog/12.0/lib/ivl/system.vpi";
:vpi_module "/opt/homebrew/Cellar/icarus-verilog/12.0/lib/ivl/vhdl_sys.vpi";
:vpi_module "/opt/homebrew/Cellar/icarus-verilog/12.0/lib/ivl/vhdl_textio.vpi";
:vpi_module "/opt/homebrew/Cellar/icarus-verilog/12.0/lib/ivl/v2005_math.vpi";
:vpi_module "/opt/homebrew/Cellar/icarus-verilog/12.0/lib/ivl/va_math.vpi";
S_0x12df04c40 .scope module, "dff_tb" "dff_tb" 2 2;
 .timescale -9 -12;
v0x6000013002d0_0 .var "clk_tb", 0 0;
v0x600001300360_0 .var "din_tb", 0 0;
v0x6000013003f0_0 .net "q_tb", 0 0, v0x6000013001b0_0;  1 drivers
v0x600001300480_0 .net "qbar_tb", 0 0, L_0x600000a000e0;  1 drivers
S_0x12df04db0 .scope module, "uut" "dff" 2 6, 3 2 0, S_0x12df04c40;
 .timescale -9 -12;
    .port_info 0 /INPUT 1 "din";
    .port_info 1 /INPUT 1 "clk";
    .port_info 2 /OUTPUT 1 "q";
    .port_info 3 /OUTPUT 1 "qbar";
L_0x600000a000e0 .functor NOT 1, v0x6000013001b0_0, C4<0>, C4<0>, C4<0>;
v0x600001300090_0 .net "clk", 0 0, v0x6000013002d0_0;  1 drivers
v0x600001300120_0 .net "din", 0 0, v0x600001300360_0;  1 drivers
v0x6000013001b0_0 .var "q", 0 0;
v0x600001300240_0 .net "qbar", 0 0, L_0x600000a000e0;  alias, 1 drivers
E_0x600003401800 .event posedge, v0x600001300090_0;
    .scope S_0x12df04db0;
T_0 ;
    %wait E_0x600003401800;
    %load/vec4 v0x600001300120_0;
    %pad/u 32;
    %cmpi/e 1, 0, 32;
    %jmp/0xz  T_0.0, 4;
    %pushi/vec4 1, 0, 1;
    %assign/vec4 v0x6000013001b0_0, 0;
    %jmp T_0.1;
T_0.0 ;
    %pushi/vec4 0, 0, 1;
    %assign/vec4 v0x6000013001b0_0, 0;
T_0.1 ;
    %jmp T_0;
    .thread T_0;
    .scope S_0x12df04c40;
T_1 ;
    %vpi_call 2 14 "$dumpfile", "sim.vcd" {0 0 0};
    %vpi_call 2 15 "$dumpvars", 32'sb00000000000000000000000000000000, S_0x12df04c40 {0 0 0};
    %vpi_call 2 16 "$monitor", "Time = %t | clk = %b | din = %b | q = %b | qbar = %b", $time, v0x6000013002d0_0, v0x600001300360_0, v0x6000013003f0_0, v0x600001300480_0 {0 0 0};
    %pushi/vec4 0, 0, 1;
    %store/vec4 v0x6000013002d0_0, 0, 1;
    %pushi/vec4 0, 0, 1;
    %store/vec4 v0x600001300360_0, 0, 1;
    %delay 10000, 0;
    %pushi/vec4 1, 0, 1;
    %store/vec4 v0x6000013002d0_0, 0, 1;
    %pushi/vec4 1, 0, 1;
    %store/vec4 v0x600001300360_0, 0, 1;
    %delay 10000, 0;
    %pushi/vec4 0, 0, 1;
    %store/vec4 v0x6000013002d0_0, 0, 1;
    %pushi/vec4 0, 0, 1;
    %store/vec4 v0x600001300360_0, 0, 1;
    %delay 10000, 0;
    %pushi/vec4 1, 0, 1;
    %store/vec4 v0x6000013002d0_0, 0, 1;
    %pushi/vec4 1, 0, 1;
    %store/vec4 v0x600001300360_0, 0, 1;
    %delay 10000, 0;
    %pushi/vec4 0, 0, 1;
    %store/vec4 v0x6000013002d0_0, 0, 1;
    %pushi/vec4 1, 0, 1;
    %store/vec4 v0x600001300360_0, 0, 1;
    %delay 10000, 0;
    %pushi/vec4 1, 0, 1;
    %store/vec4 v0x6000013002d0_0, 0, 1;
    %pushi/vec4 0, 0, 1;
    %store/vec4 v0x600001300360_0, 0, 1;
    %delay 10000, 0;
    %pushi/vec4 0, 0, 1;
    %store/vec4 v0x6000013002d0_0, 0, 1;
    %pushi/vec4 1, 0, 1;
    %store/vec4 v0x600001300360_0, 0, 1;
    %delay 10000, 0;
    %pushi/vec4 1, 0, 1;
    %store/vec4 v0x6000013002d0_0, 0, 1;
    %pushi/vec4 1, 0, 1;
    %store/vec4 v0x600001300360_0, 0, 1;
    %delay 10000, 0;
    %vpi_call 2 25 "$finish" {0 0 0};
    %end;
    .thread T_1;
# The file index is used to find the file name in the following table.
:file_names 4;
    "N/A";
    "<interactive>";
    "dff_tb.v";
    "dff.v";
