#! /opt/homebrew/Cellar/icarus-verilog/12.0/bin/vvp
:ivl_version "12.0 (stable)";
:ivl_delay_selection "TYPICAL";
:vpi_time_precision - 12;
:vpi_module "/opt/homebrew/Cellar/icarus-verilog/12.0/lib/ivl/system.vpi";
:vpi_module "/opt/homebrew/Cellar/icarus-verilog/12.0/lib/ivl/vhdl_sys.vpi";
:vpi_module "/opt/homebrew/Cellar/icarus-verilog/12.0/lib/ivl/vhdl_textio.vpi";
:vpi_module "/opt/homebrew/Cellar/icarus-verilog/12.0/lib/ivl/v2005_math.vpi";
:vpi_module "/opt/homebrew/Cellar/icarus-verilog/12.0/lib/ivl/va_math.vpi";
S_0x123e04e60 .scope module, "dec5_32_tb" "dec5_32_tb" 2 2;
 .timescale -9 -12;
v0x600003824360_0 .net "addr_tb", 31 0, L_0x600003b20000;  1 drivers
v0x6000038243f0_0 .var "din_tb", 4 0;
S_0x123e04fd0 .scope begin, "$ivl_for_loop0" "$ivl_for_loop0" 2 13, 2 13 0, S_0x123e04e60;
 .timescale -9 -12;
v0x600003824120_0 .var/i "i", 31 0;
S_0x123e05140 .scope module, "uut" "dec5_31" 2 5, 3 2 0, S_0x123e04e60;
 .timescale -9 -12;
    .port_info 0 /INPUT 5 "din";
    .port_info 1 /OUTPUT 32 "addr";
L_0x118050010 .functor BUFT 1, C4<00000000000000000000000000000001>, C4<0>, C4<0>, C4<0>;
v0x6000038241b0_0 .net/2s *"_ivl_0", 31 0, L_0x118050010;  1 drivers
v0x600003824240_0 .net "addr", 31 0, L_0x600003b20000;  alias, 1 drivers
v0x6000038242d0_0 .net "din", 4 0, v0x6000038243f0_0;  1 drivers
L_0x600003b20000 .shift/l 32, L_0x118050010, v0x6000038243f0_0;
    .scope S_0x123e04e60;
T_0 ;
    %vpi_call 2 10 "$dumpfile", "sim.vcd" {0 0 0};
    %vpi_call 2 11 "$dumpvars", 32'sb00000000000000000000000000000000, S_0x123e04e60 {0 0 0};
    %vpi_call 2 12 "$monitor", "Time = %t | Din = %b | Addr = %b", $time, v0x6000038243f0_0, v0x600003824360_0 {0 0 0};
    %fork t_1, S_0x123e04fd0;
    %jmp t_0;
    .scope S_0x123e04fd0;
t_1 ;
    %pushi/vec4 0, 0, 32;
    %store/vec4 v0x600003824120_0, 0, 32;
T_0.0 ;
    %load/vec4 v0x600003824120_0;
    %cmpi/s 32, 0, 32;
    %jmp/0xz T_0.1, 5;
    %load/vec4 v0x600003824120_0;
    %pad/s 5;
    %store/vec4 v0x6000038243f0_0, 0, 5;
    %delay 10000, 0;
    %load/vec4 v0x600003824120_0;
    %addi 1, 0, 32;
    %store/vec4 v0x600003824120_0, 0, 32;
    %jmp T_0.0;
T_0.1 ;
    %end;
    .scope S_0x123e04e60;
t_0 %join;
    %delay 1000, 0;
    %vpi_call 2 17 "$finish" {0 0 0};
    %end;
    .thread T_0;
# The file index is used to find the file name in the following table.
:file_names 4;
    "N/A";
    "<interactive>";
    "decoder5_32_tb.v";
    "decoder5_32.v";
