#! /opt/homebrew/Cellar/icarus-verilog/12.0/bin/vvp
:ivl_version "12.0 (stable)";
:ivl_delay_selection "TYPICAL";
:vpi_time_precision - 12;
:vpi_module "/opt/homebrew/Cellar/icarus-verilog/12.0/lib/ivl/system.vpi";
:vpi_module "/opt/homebrew/Cellar/icarus-verilog/12.0/lib/ivl/vhdl_sys.vpi";
:vpi_module "/opt/homebrew/Cellar/icarus-verilog/12.0/lib/ivl/vhdl_textio.vpi";
:vpi_module "/opt/homebrew/Cellar/icarus-verilog/12.0/lib/ivl/v2005_math.vpi";
:vpi_module "/opt/homebrew/Cellar/icarus-verilog/12.0/lib/ivl/va_math.vpi";
S_0x129e04dd0 .scope module, "dff_tb" "dff_tb" 2 2;
 .timescale -9 -12;
L_0x130050058 .functor BUFT 1, C4<0000000000000000000000000000000>, C4<0>, C4<0>, C4<0>;
v0x600001900a20_0 .net *"_ivl_3", 30 0, L_0x130050058;  1 drivers
v0x600001900ab0_0 .var "clk_tb", 0 0;
v0x600001900b40_0 .var "din_tb", 0 0;
v0x600001900bd0_0 .net "q_tb", 0 0, L_0x600001a001e0;  1 drivers
v0x600001900c60_0 .net "qbar_tb", 0 0, L_0x600001a00280;  1 drivers
v0x600001900cf0_0 .var "rst_tb", 0 0;
v0x600001900d80_0 .var "we_tb", 0 0;
L_0x600001a00140 .concat [ 1 31 0 0], v0x600001900b40_0, L_0x130050058;
L_0x600001a001e0 .part v0x6000019007e0_0, 0, 1;
L_0x600001a00280 .part L_0x600000001490, 0, 1;
S_0x129e04f40 .scope module, "uut" "dff" 2 6, 3 2 0, S_0x129e04dd0;
 .timescale -9 -12;
    .port_info 0 /INPUT 32 "din";
    .port_info 1 /INPUT 1 "clk";
    .port_info 2 /INPUT 1 "we";
    .port_info 3 /INPUT 1 "rst";
    .port_info 4 /OUTPUT 32 "q";
    .port_info 5 /OUTPUT 33 "qbar";
L_0x600000001490 .functor NOT 33, L_0x600001a000a0, C4<000000000000000000000000000000000>, C4<000000000000000000000000000000000>, C4<000000000000000000000000000000000>;
v0x6000019005a0_0 .net *"_ivl_0", 32 0, L_0x600001a000a0;  1 drivers
L_0x130050010 .functor BUFT 1, C4<0>, C4<0>, C4<0>, C4<0>;
v0x600001900630_0 .net *"_ivl_3", 0 0, L_0x130050010;  1 drivers
v0x6000019006c0_0 .net "clk", 0 0, v0x600001900ab0_0;  1 drivers
v0x600001900750_0 .net "din", 31 0, L_0x600001a00140;  1 drivers
v0x6000019007e0_0 .var "q", 31 0;
v0x600001900870_0 .net "qbar", 32 0, L_0x600000001490;  1 drivers
v0x600001900900_0 .net "rst", 0 0, v0x600001900cf0_0;  1 drivers
v0x600001900990_0 .net "we", 0 0, v0x600001900d80_0;  1 drivers
E_0x600003e02480 .event posedge, v0x6000019006c0_0;
L_0x600001a000a0 .concat [ 32 1 0 0], v0x6000019007e0_0, L_0x130050010;
    .scope S_0x129e04f40;
T_0 ;
    %wait E_0x600003e02480;
    %load/vec4 v0x600001900900_0;
    %flag_set/vec4 8;
    %jmp/0xz  T_0.0, 8;
    %pushi/vec4 0, 0, 32;
    %assign/vec4 v0x6000019007e0_0, 0;
    %jmp T_0.1;
T_0.0 ;
    %load/vec4 v0x600001900990_0;
    %flag_set/vec4 8;
    %jmp/0xz  T_0.2, 8;
    %load/vec4 v0x600001900750_0;
    %assign/vec4 v0x6000019007e0_0, 0;
T_0.2 ;
T_0.1 ;
    %jmp T_0;
    .thread T_0;
    .scope S_0x129e04dd0;
T_1 ;
    %vpi_call 2 16 "$dumpfile", "sim.vcd" {0 0 0};
    %vpi_call 2 17 "$dumpvars", 32'sb00000000000000000000000000000000, S_0x129e04dd0 {0 0 0};
    %vpi_call 2 18 "$monitor", "Time = %t | clk = %b | din = %b | q = %b | qbar = %b", $time, v0x600001900ab0_0, v0x600001900b40_0, v0x600001900bd0_0, v0x600001900c60_0 {0 0 0};
    %pushi/vec4 1, 0, 1;
    %store/vec4 v0x600001900ab0_0, 0, 1;
    %pushi/vec4 1, 0, 1;
    %store/vec4 v0x600001900cf0_0, 0, 1;
    %pushi/vec4 1, 0, 1;
    %store/vec4 v0x600001900d80_0, 0, 1;
    %pushi/vec4 0, 0, 1;
    %store/vec4 v0x600001900b40_0, 0, 1;
    %delay 10000, 0;
    %pushi/vec4 0, 0, 1;
    %store/vec4 v0x600001900ab0_0, 0, 1;
    %pushi/vec4 1, 0, 1;
    %store/vec4 v0x600001900cf0_0, 0, 1;
    %pushi/vec4 1, 0, 1;
    %store/vec4 v0x600001900d80_0, 0, 1;
    %pushi/vec4 0, 0, 1;
    %store/vec4 v0x600001900b40_0, 0, 1;
    %delay 10000, 0;
    %pushi/vec4 1, 0, 1;
    %store/vec4 v0x600001900ab0_0, 0, 1;
    %pushi/vec4 0, 0, 1;
    %store/vec4 v0x600001900cf0_0, 0, 1;
    %pushi/vec4 1, 0, 1;
    %store/vec4 v0x600001900d80_0, 0, 1;
    %pushi/vec4 1, 0, 1;
    %store/vec4 v0x600001900b40_0, 0, 1;
    %delay 10000, 0;
    %pushi/vec4 0, 0, 1;
    %store/vec4 v0x600001900ab0_0, 0, 1;
    %pushi/vec4 0, 0, 1;
    %store/vec4 v0x600001900cf0_0, 0, 1;
    %pushi/vec4 1, 0, 1;
    %store/vec4 v0x600001900d80_0, 0, 1;
    %pushi/vec4 0, 0, 1;
    %store/vec4 v0x600001900b40_0, 0, 1;
    %delay 10000, 0;
    %pushi/vec4 1, 0, 1;
    %store/vec4 v0x600001900ab0_0, 0, 1;
    %pushi/vec4 0, 0, 1;
    %store/vec4 v0x600001900cf0_0, 0, 1;
    %pushi/vec4 1, 0, 1;
    %store/vec4 v0x600001900d80_0, 0, 1;
    %pushi/vec4 1, 0, 1;
    %store/vec4 v0x600001900b40_0, 0, 1;
    %delay 10000, 0;
    %pushi/vec4 0, 0, 1;
    %store/vec4 v0x600001900ab0_0, 0, 1;
    %pushi/vec4 0, 0, 1;
    %store/vec4 v0x600001900cf0_0, 0, 1;
    %pushi/vec4 1, 0, 1;
    %store/vec4 v0x600001900d80_0, 0, 1;
    %pushi/vec4 1, 0, 1;
    %store/vec4 v0x600001900b40_0, 0, 1;
    %delay 10000, 0;
    %pushi/vec4 1, 0, 1;
    %store/vec4 v0x600001900ab0_0, 0, 1;
    %pushi/vec4 0, 0, 1;
    %store/vec4 v0x600001900cf0_0, 0, 1;
    %pushi/vec4 1, 0, 1;
    %store/vec4 v0x600001900d80_0, 0, 1;
    %pushi/vec4 0, 0, 1;
    %store/vec4 v0x600001900b40_0, 0, 1;
    %delay 10000, 0;
    %pushi/vec4 0, 0, 1;
    %store/vec4 v0x600001900ab0_0, 0, 1;
    %pushi/vec4 0, 0, 1;
    %store/vec4 v0x600001900cf0_0, 0, 1;
    %pushi/vec4 1, 0, 1;
    %store/vec4 v0x600001900d80_0, 0, 1;
    %pushi/vec4 1, 0, 1;
    %store/vec4 v0x600001900b40_0, 0, 1;
    %delay 10000, 0;
    %pushi/vec4 1, 0, 1;
    %store/vec4 v0x600001900ab0_0, 0, 1;
    %pushi/vec4 0, 0, 1;
    %store/vec4 v0x600001900cf0_0, 0, 1;
    %pushi/vec4 1, 0, 1;
    %store/vec4 v0x600001900d80_0, 0, 1;
    %pushi/vec4 1, 0, 1;
    %store/vec4 v0x600001900b40_0, 0, 1;
    %delay 10000, 0;
    %vpi_call 2 28 "$finish" {0 0 0};
    %end;
    .thread T_1;
# The file index is used to find the file name in the following table.
:file_names 4;
    "N/A";
    "<interactive>";
    "dff_tb.v";
    "dff.v";
